
==============================================================
    JasperGold Verification Results
==============================================================
    2020.03 FCS 64 bits for Linux64 2.6.32-431.11.2.el6.x86_64
    Host Name: DESKTOP-4FTGQ55.
    User Name: root
    Printed on: Tuesday, Jul15, 2025 12:19:30 PM CST
    Working Directory: /mnt/c/Users/huijie/Desktop/AssertionForge/ft


==============================================================
SUMMARY
==============================================================
    Total Tasks           : 1
    Total Properties      : 656
          assumptions     : 0                   
           - approved     : 0                   
           - temporary    : 0                   
          assertions      : 331                 
           - proven       : 80                  ( 24.2% )
           - marked_proven: 0                   ( 0.0% )
           - cex          : 46                  ( 13.9% )
           - ar_cex       : 0                   ( 0.0% )
           - undetermined : 205                 ( 61.9% )
           - unprocessed  : 0                   ( 0.0% )
           - error        : 0                   ( 0.0% )
          covers          : 325                 
           - unreachable  : 54                  ( 16.6% )
           - covered      : 82                  ( 25.2% )
           - ar_covered   : 0                   ( 0.0% )
           - undetermined : 189                 ( 58.2% )
           - unprocessed  : 0                   ( 0.0% )
           - error        : 0                   ( 0.0% )

==============================================================
RESULTS
==============================================================

-----------------------------------------------------------------------------------------------------------------
       Name                                                     |    Result    |  Engine  |  Bound  |  Time    
-----------------------------------------------------------------------------------------------------------------

---[ <embedded> ]------------------------------------------------------------------------------------------------
[1]   uart2bus_top.uart_sva_inst.assert_a0                           undetermined    B        101 -     0.218 s      
[2]   uart2bus_top.uart_sva_inst.assert_a0:precondition1             undetermined    B        101 -     0.096 s      
[3]   uart2bus_top.uart_sva_inst.assert_a1                           undetermined    Ht       101 -     0.418 s      
[4]   uart2bus_top.uart_sva_inst.assert_a1:precondition1             undetermined    Ht       101 -     0.419 s      
[5]   uart2bus_top.uart_sva_inst.assert_a2                           cex             Ht            6    0.105 s      
[6]   uart2bus_top.uart_sva_inst.assert_a2:precondition1             covered         Hp            1    0.063 s      
[7]   uart2bus_top.uart_sva_inst.assert_a3                           undetermined    Ht       101 -     0.419 s      
[8]   uart2bus_top.uart_sva_inst.assert_a3:precondition1             undetermined    Ht       101 -     0.419 s      
[9]   uart2bus_top.uart_sva_inst.assert_a4                           undetermined    Ht       101 -     0.419 s      
[10]  uart2bus_top.uart_sva_inst.assert_a4:precondition1             undetermined    Ht       101 -     0.419 s      
[11]  uart2bus_top.uart_sva_inst.assert_a5                           undetermined    Ht       101 -     0.420 s      
[12]  uart2bus_top.uart_sva_inst.assert_a5:precondition1             undetermined    Ht       101 -     0.419 s      
[13]  uart2bus_top.uart_sva_inst.assert_a6                           proven          Ht     Infinite    0.106 s      
[14]  uart2bus_top.uart_sva_inst.assert_a6:precondition1             covered         N             1    0.000 s      
[15]  uart2bus_top.uart_sva_inst.assert_a7                           proven          PRE    Infinite    0.000 s      
[16]  uart2bus_top.uart_sva_inst.assert_a7:precondition1             undetermined    Ht       101 -     0.420 s      
[17]  uart2bus_top.uart_sva_inst.assert_a8                           proven          PRE    Infinite    0.000 s      
[18]  uart2bus_top.uart_sva_inst.assert_a8:precondition1             unreachable     PRE    Infinite    0.000 s      
[19]  uart2bus_top.uart_sva_inst.assert_a9                           cex             Hp            1    0.073 s      
[20]  uart2bus_top.uart_sva_inst.assert_a9:precondition1             covered         Hp            1    0.073 s      
[21]  uart2bus_top.uart_sva_inst.assert_a10                          undetermined    Ht       101 -     0.421 s      
[22]  uart2bus_top.uart_sva_inst.assert_a10:precondition1            undetermined    B        101 -     0.096 s      
[23]  uart2bus_top.uart_sva_inst.assert_a11                          undetermined    Ht       101 -     0.422 s      
[24]  uart2bus_top.uart_sva_inst.assert_a11:precondition1            undetermined    Ht       101 -     0.422 s      
[25]  uart2bus_top.uart_sva_inst.assert_a12                          undetermined    Ht       101 -     0.423 s      
[26]  uart2bus_top.uart_sva_inst.assert_a12:precondition1            undetermined    Ht       101 -     0.420 s      
[27]  uart2bus_top.uart_sva_inst.assert_a13                          proven          PRE    Infinite    0.000 s      
[28]  uart2bus_top.uart_sva_inst.assert_a13:precondition1            unreachable     PRE    Infinite    0.000 s      
[29]  uart2bus_top.uart_sva_inst.assert_a14                          cex             Ht            4    0.049 s      
[30]  uart2bus_top.uart_sva_inst.assert_a14:precondition1            covered         Hp            1    0.082 s      
[31]  uart2bus_top.uart_sva_inst.assert_a15                          undetermined    Ht       101 -     0.423 s      
[32]  uart2bus_top.uart_sva_inst.assert_a15:precondition1            undetermined    Ht       101 -     0.424 s      
[33]  uart2bus_top.uart_sva_inst.assert_a17                          undetermined    Ht       101 -     0.424 s      
[34]  uart2bus_top.uart_sva_inst.assert_a17:precondition1            undetermined    Ht       101 -     0.424 s      
[35]  uart2bus_top.uart_sva_inst.assert_a18                          undetermined    Ht       101 -     0.424 s      
[36]  uart2bus_top.uart_sva_inst.assert_a18:precondition1            undetermined    Ht       101 -     0.420 s      
[37]  uart2bus_top.uart_sva_inst.assert_a19                          undetermined    Ht       101 -     0.424 s      
[38]  uart2bus_top.uart_sva_inst.assert_a19:precondition1            undetermined    Ht       101 -     0.420 s      
[39]  uart2bus_top.uart_sva_inst.assert_a20                          undetermined    Ht       101 -     0.424 s      
[40]  uart2bus_top.uart_sva_inst.assert_a20:precondition1            undetermined    Ht       101 -     0.420 s      
[41]  uart2bus_top.uart_sva_inst.assert_a21                          undetermined    Ht       101 -     0.424 s      
[42]  uart2bus_top.uart_sva_inst.assert_a21:precondition1            undetermined    Ht       101 -     0.424 s      
[43]  uart2bus_top.uart_sva_inst.assert_a22                          proven          PRE    Infinite    0.000 s      
[44]  uart2bus_top.uart_sva_inst.assert_a22:precondition1            undetermined    Ht       101 -     0.419 s      
[45]  uart2bus_top.uart_sva_inst.assert_a23                          undetermined    Ht       101 -     0.425 s      
[46]  uart2bus_top.uart_sva_inst.assert_a23:precondition1            undetermined    Ht       101 -     0.419 s      
[47]  uart2bus_top.uart_sva_inst.assert_a24                          undetermined    Ht       101 -     0.425 s      
[48]  uart2bus_top.uart_sva_inst.assert_a24:precondition1            undetermined    Ht       101 -     0.425 s      
[49]  uart2bus_top.uart_sva_inst.assert_a25                          undetermined    Ht       101 -     0.425 s      
[50]  uart2bus_top.uart_sva_inst.assert_a25:precondition1            covered         N             1    0.000 s      
[51]  uart2bus_top.uart_sva_inst.assert_a26                          undetermined    Ht       101 -     0.425 s      
[52]  uart2bus_top.uart_sva_inst.assert_a26:precondition1            covered         N             1    0.000 s      
[53]  uart2bus_top.uart_sva_inst.assert_a27                          undetermined    Ht       101 -     0.425 s      
[54]  uart2bus_top.uart_sva_inst.assert_a27:precondition1            undetermined    Ht       101 -     0.425 s      
[55]  uart2bus_top.uart_sva_inst.assert_a28                          proven          PRE    Infinite    0.000 s      
[56]  uart2bus_top.uart_sva_inst.assert_a28:precondition1            unreachable     PRE    Infinite    0.000 s      
[57]  uart2bus_top.uart_sva_inst.assert_a29                          undetermined    Ht       101 -     0.425 s      
[58]  uart2bus_top.uart_sva_inst.assert_a29:precondition1            undetermined    Ht       101 -     0.425 s      
[59]  uart2bus_top.uart_sva_inst.assert_a30                          undetermined    Ht       101 -     0.426 s      
[60]  uart2bus_top.uart_sva_inst.assert_a30:precondition1            undetermined    Ht       101 -     0.426 s      
[61]  uart2bus_top.uart_sva_inst.assert_a31                          undetermined    Ht       101 -     0.426 s      
[62]  uart2bus_top.uart_sva_inst.assert_a31:precondition1            undetermined    Ht       101 -     0.426 s      
[63]  uart2bus_top.uart_sva_inst.assert_a32                          undetermined    Ht       101 -     0.426 s      
[64]  uart2bus_top.uart_sva_inst.assert_a32:precondition1            covered         N             1    0.000 s      
[65]  uart2bus_top.uart_sva_inst.assert_a33                          undetermined    Ht       101 -     0.426 s      
[66]  uart2bus_top.uart_sva_inst.assert_a33:precondition1            undetermined    Ht       101 -     0.427 s      
[67]  uart2bus_top.uart_sva_inst.assert_a34                          undetermined    Ht       101 -     0.427 s      
[68]  uart2bus_top.uart_sva_inst.assert_a34:precondition1            undetermined    Ht       101 -     0.427 s      
[69]  uart2bus_top.uart_sva_inst.assert_a35                          undetermined    Ht       101 -     0.427 s      
[70]  uart2bus_top.uart_sva_inst.assert_a35:precondition1            undetermined    Ht       101 -     0.427 s      
[71]  uart2bus_top.uart_sva_inst.assert_a36                          undetermined    Ht       101 -     0.426 s      
[72]  uart2bus_top.uart_sva_inst.assert_a36:precondition1            undetermined    Ht       101 -     0.426 s      
[73]  uart2bus_top.uart_sva_inst.assert_a37                          proven          PRE    Infinite    0.000 s      
[74]  uart2bus_top.uart_sva_inst.assert_a37:precondition1            unreachable     PRE    Infinite    0.000 s      
[75]  uart2bus_top.uart_sva_inst.assert_a38                          undetermined    Ht       101 -     0.427 s      
[76]  uart2bus_top.uart_sva_inst.assert_a38:precondition1            undetermined    Ht       101 -     0.427 s      
[77]  uart2bus_top.uart_sva_inst.assert_a39                          proven          PRE    Infinite    0.000 s      
[78]  uart2bus_top.uart_sva_inst.assert_a39:precondition1            unreachable     PRE    Infinite    0.000 s      
[79]  uart2bus_top.uart_sva_inst.assert_a40                          undetermined    Ht       101 -     0.427 s      
[80]  uart2bus_top.uart_sva_inst.assert_a40:precondition1            covered         N             1    0.000 s      
[81]  uart2bus_top.uart_sva_inst.assert_a41                          undetermined    Ht       101 -     0.427 s      
[82]  uart2bus_top.uart_sva_inst.assert_a41:precondition1            undetermined    Ht       101 -     0.426 s      
[83]  uart2bus_top.uart_sva_inst.assert_a42                          undetermined    Ht       101 -     0.428 s      
[84]  uart2bus_top.uart_sva_inst.assert_a42:precondition1            undetermined    Ht       101 -     0.428 s      
[85]  uart2bus_top.uart_sva_inst.assert_a43                          cex             Hp            1    0.063 s      
[86]  uart2bus_top.uart_sva_inst.assert_a43:precondition1            covered         N             1    0.000 s      
[87]  uart2bus_top.uart_sva_inst.assert_a44                          undetermined    Ht       101 -     0.428 s      
[88]  uart2bus_top.uart_sva_inst.assert_a44:precondition1            undetermined    Ht       101 -     0.428 s      
[89]  uart2bus_top.uart_sva_inst.assert_a45                          undetermined    Ht       101 -     0.419 s      
[90]  uart2bus_top.uart_sva_inst.assert_a45:precondition1            undetermined    Ht       101 -     0.420 s      
[91]  uart2bus_top.uart_sva_inst.assert_a46                          undetermined    Ht       101 -     0.428 s      
[92]  uart2bus_top.uart_sva_inst.assert_a46:precondition1            undetermined    Ht       101 -     0.428 s      
[93]  uart2bus_top.uart_sva_inst.assert_a47                          undetermined    Ht       101 -     0.429 s      
[94]  uart2bus_top.uart_sva_inst.assert_a47:precondition1            undetermined    Ht       101 -     0.429 s      
[95]  uart2bus_top.uart_sva_inst.assert_a48                          cex             Hp            1    0.063 s      
[96]  uart2bus_top.uart_sva_inst.assert_a48:precondition1            covered         N             1    0.000 s      
[97]  uart2bus_top.uart_sva_inst.assert_a49                          undetermined    Ht       101 -     0.429 s      
[98]  uart2bus_top.uart_sva_inst.assert_a49:precondition1            undetermined    Ht       101 -     0.429 s      
[99]  uart2bus_top.uart_sva_inst.assert_a50                          undetermined    Ht       101 -     0.430 s      
[100] uart2bus_top.uart_sva_inst.assert_a50:precondition1            undetermined    Ht       101 -     0.429 s      
[101] uart2bus_top.uart_sva_inst.assert_a51                          undetermined    Ht       101 -     0.431 s      
[102] uart2bus_top.uart_sva_inst.assert_a51:precondition1            undetermined    Ht       101 -     0.431 s      
[103] uart2bus_top.uart_sva_inst.assert_a52                          cex             Hp            1    0.063 s      
[104] uart2bus_top.uart_sva_inst.assert_a52:precondition1            covered         Hp            1    0.063 s      
[105] uart2bus_top.uart_sva_inst.assert_a53                          proven          PRE    Infinite    0.000 s      
[106] uart2bus_top.uart_sva_inst.assert_a54                          cex             Ht            2    0.021 s      
[107] uart2bus_top.uart_sva_inst.assert_a54:precondition1            covered         N             1    0.000 s      
[108] uart2bus_top.uart_sva_inst.assert_a55                          proven          PRE    Infinite    0.000 s      
[109] uart2bus_top.uart_sva_inst.assert_a55:precondition1            unreachable     PRE    Infinite    0.000 s      
[110] uart2bus_top.uart_sva_inst.assert_a56                          undetermined    Ht       101 -     0.431 s      
[111] uart2bus_top.uart_sva_inst.assert_a56:precondition1            undetermined    Ht       101 -     0.429 s      
[112] uart2bus_top.uart_sva_inst.assert_a57                          undetermined    Ht       101 -     0.432 s      
[113] uart2bus_top.uart_sva_inst.assert_a57:precondition1            undetermined    Ht       101 -     0.428 s      
[114] uart2bus_top.uart_sva_inst.assert_a58                          undetermined    Ht       101 -     0.432 s      
[115] uart2bus_top.uart_sva_inst.assert_a58:precondition1            undetermined    Ht       101 -     0.431 s      
[116] uart2bus_top.uart_sva_inst.assert_a59                          undetermined    Ht       101 -     0.429 s      
[117] uart2bus_top.uart_sva_inst.assert_a59:precondition1            undetermined    Ht       101 -     0.429 s      
[118] uart2bus_top.uart_sva_inst.assert_a60                          proven          PRE    Infinite    0.000 s      
[119] uart2bus_top.uart_sva_inst.assert_a61                          cex             Hp            1    0.063 s      
[120] uart2bus_top.uart_sva_inst.assert_a61:precondition1            covered         Hp            1    0.063 s      
[121] uart2bus_top.uart_sva_inst.assert_a62                          undetermined    Ht       101 -     0.428 s      
[122] uart2bus_top.uart_sva_inst.assert_a62:precondition1            undetermined    Ht       101 -     0.428 s      
[123] uart2bus_top.uart_sva_inst.assert_a63                          cex             Ht            8    0.110 s      
[124] uart2bus_top.uart_sva_inst.assert_a63:precondition1            covered         Hp            1    0.063 s      
[125] uart2bus_top.uart_sva_inst.assert_a64                          undetermined    Ht       101 -     0.432 s      
[126] uart2bus_top.uart_sva_inst.assert_a64:precondition1            undetermined    Ht       101 -     0.432 s      
[127] uart2bus_top.uart_sva_inst.assert_a65                          undetermined    Ht       101 -     0.432 s      
[128] uart2bus_top.uart_sva_inst.assert_a65:precondition1            undetermined    Ht       101 -     0.432 s      
[129] uart2bus_top.uart_sva_inst.assert_a66                          undetermined    Ht       101 -     0.433 s      
[130] uart2bus_top.uart_sva_inst.assert_a66:precondition1            undetermined    Ht       101 -     0.428 s      
[131] uart2bus_top.uart_sva_inst.assert_a67                          proven          PRE    Infinite    0.000 s      
[132] uart2bus_top.uart_sva_inst.assert_a67:precondition1            unreachable     PRE    Infinite    0.000 s      
[133] uart2bus_top.uart_sva_inst.assert_a68                          proven          PRE    Infinite    0.000 s      
[134] uart2bus_top.uart_sva_inst.assert_a68:precondition1            undetermined    Ht       101 -     0.432 s      
[135] uart2bus_top.uart_sva_inst.assert_a69                          proven          PRE    Infinite    0.000 s      
[136] uart2bus_top.uart_sva_inst.assert_a69:precondition1            undetermined    Ht       101 -     0.432 s      
[137] uart2bus_top.uart_sva_inst.assert_a70                          undetermined    Ht       101 -     0.433 s      
[138] uart2bus_top.uart_sva_inst.assert_a70:precondition1            undetermined    Ht       101 -     0.434 s      
[139] uart2bus_top.uart_sva_inst.assert_a72                          cex             Ht            4    0.049 s      
[140] uart2bus_top.uart_sva_inst.assert_a72:precondition1            covered         N             1    0.000 s      
[141] uart2bus_top.uart_sva_inst.assert_a73                          cex             Hp            1    0.090 s      
[142] uart2bus_top.uart_sva_inst.assert_a73:precondition1            covered         N             1    0.000 s      
[143] uart2bus_top.uart_sva_inst.assert_a74                          cex             Hp            1    0.090 s      
[144] uart2bus_top.uart_sva_inst.assert_a74:precondition1            covered         Hp            1    0.090 s      
[145] uart2bus_top.uart_sva_inst.assert_a75                          cex             Hp            1    0.109 s      
[146] uart2bus_top.uart_sva_inst.assert_a75:precondition1            covered         Hp            1    0.109 s      
[147] uart2bus_top.uart_sva_inst.assert_a76                          proven          PRE    Infinite    0.000 s      
[148] uart2bus_top.uart_sva_inst.assert_a76:precondition1            undetermined    Ht       101 -     0.434 s      
[149] uart2bus_top.uart_sva_inst.assert_a77                          undetermined    Ht       101 -     0.434 s      
[150] uart2bus_top.uart_sva_inst.assert_a77:precondition1            undetermined    Ht       101 -     0.432 s      
[151] uart2bus_top.uart_sva_inst.assert_a78                          cex             Hp            1    0.090 s      
[152] uart2bus_top.uart_sva_inst.assert_a78:precondition1            covered         Hp            1    0.090 s      
[153] uart2bus_top.uart_sva_inst.assert_a79                          undetermined    Ht       101 -     0.434 s      
[154] uart2bus_top.uart_sva_inst.assert_a79:precondition1            undetermined    Ht       101 -     0.433 s      
[155] uart2bus_top.uart_sva_inst.assert_a80                          cex             Hp            1    0.090 s      
[156] uart2bus_top.uart_sva_inst.assert_a80:precondition1            covered         N             1    0.000 s      
[157] uart2bus_top.uart_sva_inst.assert_a81                          undetermined    Ht       101 -     0.434 s      
[158] uart2bus_top.uart_sva_inst.assert_a81:precondition1            undetermined    Ht       101 -     0.434 s      
[159] uart2bus_top.uart_sva_inst.assert_a82                          cex             Hp            1    0.090 s      
[160] uart2bus_top.uart_sva_inst.assert_a82:precondition1            covered         Hp            1    0.073 s      
[161] uart2bus_top.uart_sva_inst.assert_a83                          proven          PRE    Infinite    0.000 s      
[162] uart2bus_top.uart_sva_inst.assert_a83:precondition1            unreachable     PRE    Infinite    0.000 s      
[163] uart2bus_top.uart_sva_inst.assert_a84                          undetermined    Ht       101 -     0.434 s      
[164] uart2bus_top.uart_sva_inst.assert_a84:precondition1            undetermined    Ht       101 -     0.435 s      
[165] uart2bus_top.uart_sva_inst.assert_a85                          undetermined    Ht       101 -     0.435 s      
[166] uart2bus_top.uart_sva_inst.assert_a85:precondition1            undetermined    Ht       101 -     0.435 s      
[167] uart2bus_top.uart_sva_inst.assert_a86                          proven          PRE    Infinite    0.000 s      
[168] uart2bus_top.uart_sva_inst.assert_a86:precondition1            unreachable     PRE    Infinite    0.000 s      
[169] uart2bus_top.uart_sva_inst.assert_a87                          undetermined    Ht       101 -     0.435 s      
[170] uart2bus_top.uart_sva_inst.assert_a87:precondition1            undetermined    B        101 -     0.096 s      
[171] uart2bus_top.uart_sva_inst.assert_a88                          cex             N             1    0.000 s      
[172] uart2bus_top.uart_sva_inst.assert_a89                          undetermined    Ht       101 -     0.435 s      
[173] uart2bus_top.uart_sva_inst.assert_a89:precondition1            undetermined    Ht       101 -     0.435 s      
[174] uart2bus_top.uart_sva_inst.assert_a90                          cex             Hp            1    0.090 s      
[175] uart2bus_top.uart_sva_inst.assert_a90:precondition1            covered         Hp            1    0.090 s      
[176] uart2bus_top.uart_sva_inst.assert_a91                          cex             Hp            1    0.063 s      
[177] uart2bus_top.uart_sva_inst.assert_a91:precondition1            covered         N             1    0.000 s      
[178] uart2bus_top.uart_sva_inst.assert_a92                          undetermined    Ht       101 -     0.435 s      
[179] uart2bus_top.uart_sva_inst.assert_a92:precondition1            undetermined    Ht       101 -     0.435 s      
[180] uart2bus_top.uart_sva_inst.assert_a93                          cex             Hp            1    0.109 s      
[181] uart2bus_top.uart_sva_inst.assert_a93:precondition1            covered         Hp            1    0.109 s      
[182] uart2bus_top.uart_sva_inst.assert_a94                          undetermined    Ht       101 -     0.436 s      
[183] uart2bus_top.uart_sva_inst.assert_a94:precondition1            undetermined    Ht       101 -     0.436 s      
[184] uart2bus_top.uart_sva_inst.assert_a95                          undetermined    Ht       101 -     0.436 s      
[185] uart2bus_top.uart_sva_inst.assert_a95:precondition1            undetermined    Ht       101 -     0.436 s      
[186] uart2bus_top.uart_sva_inst.assert_a96                          undetermined    Ht       101 -     0.436 s      
[187] uart2bus_top.uart_sva_inst.assert_a96:precondition1            undetermined    Ht       101 -     0.433 s      
[188] uart2bus_top.uart_sva_inst.assert_a97                          proven          PRE    Infinite    0.000 s      
[189] uart2bus_top.uart_sva_inst.assert_a97:precondition1            covered         N             1    0.000 s      
[190] uart2bus_top.uart_sva_inst.assert_a98                          proven          PRE    Infinite    0.000 s      
[191] uart2bus_top.uart_sva_inst.assert_a98:precondition1            unreachable     PRE    Infinite    0.000 s      
[192] uart2bus_top.uart_sva_inst.assert_a99                          undetermined    Ht       101 -     0.436 s      
[193] uart2bus_top.uart_sva_inst.assert_a99:precondition1            undetermined    Ht       101 -     0.433 s      
[194] uart2bus_top.uart_sva_inst.assert_a100                         cex             Hp            1    0.090 s      
[195] uart2bus_top.uart_sva_inst.assert_a100:precondition1           covered         Hp            1    0.090 s      
[196] uart2bus_top.uart_sva_inst.assert_a101                         proven          PRE    Infinite    0.000 s      
[197] uart2bus_top.uart_sva_inst.assert_a101:precondition1           unreachable     PRE    Infinite    0.000 s      
[198] uart2bus_top.uart_sva_inst.assert_a102                         cex             N             1    0.000 s      
[199] uart2bus_top.uart_sva_inst.assert_a103                         cex             N             1    0.000 s      
[200] uart2bus_top.uart_sva_inst.assert_a104                         cex             N             1    0.000 s      
[201] uart2bus_top.uart_sva_inst.assert_a105                         proven          PRE    Infinite    0.000 s      
[202] uart2bus_top.uart_sva_inst.assert_a105:precondition1           undetermined    Ht       101 -     0.433 s      
[203] uart2bus_top.uart_sva_inst.assert_a106                         undetermined    Ht       101 -     0.437 s      
[204] uart2bus_top.uart_sva_inst.assert_a106:precondition1           undetermined    Ht       101 -     0.437 s      
[205] uart2bus_top.uart_sva_inst.assert_a107                         cex             Ht            2    0.025 s      
[206] uart2bus_top.uart_sva_inst.assert_a107:precondition1           covered         Hp            1    0.063 s      
[207] uart2bus_top.uart_sva_inst.assert_a108                         undetermined    Ht       101 -     0.435 s      
[208] uart2bus_top.uart_sva_inst.assert_a108:precondition1           undetermined    B        101 -     0.096 s      
[209] uart2bus_top.uart_sva_inst.assert_a109                         undetermined    Ht       101 -     0.437 s      
[210] uart2bus_top.uart_sva_inst.assert_a109:precondition1           undetermined    Ht       101 -     0.437 s      
[211] uart2bus_top.uart_sva_inst.assert_a110                         undetermined    Ht       101 -     0.437 s      
[212] uart2bus_top.uart_sva_inst.assert_a110:precondition1           undetermined    Ht       101 -     0.437 s      
[213] uart2bus_top.uart_sva_inst.assert_a111                         undetermined    Ht       101 -     0.435 s      
[214] uart2bus_top.uart_sva_inst.assert_a111:precondition1           undetermined    Ht       101 -     0.435 s      
[215] uart2bus_top.uart_sva_inst.assert_a112                         undetermined    Ht       101 -     0.437 s      
[216] uart2bus_top.uart_sva_inst.assert_a112:precondition1           undetermined    Ht       101 -     0.437 s      
[217] uart2bus_top.uart_sva_inst.assert_a113                         undetermined    Ht       101 -     0.438 s      
[218] uart2bus_top.uart_sva_inst.assert_a113:precondition1           undetermined    Ht       101 -     0.438 s      
[219] uart2bus_top.uart_sva_inst.assert_a114                         cex             Hp            1    0.063 s      
[220] uart2bus_top.uart_sva_inst.assert_a114:precondition1           covered         N             1    0.000 s      
[221] uart2bus_top.uart_sva_inst.assert_a115                         undetermined    Ht       101 -     0.434 s      
[222] uart2bus_top.uart_sva_inst.assert_a115:precondition1           undetermined    Ht       101 -     0.434 s      
[223] uart2bus_top.uart_sva_inst.assert_a116                         undetermined    Ht       101 -     0.438 s      
[224] uart2bus_top.uart_sva_inst.assert_a116:precondition1           undetermined    Ht       101 -     0.438 s      
[225] uart2bus_top.uart_sva_inst.assert_a117                         undetermined    Ht       101 -     0.438 s      
[226] uart2bus_top.uart_sva_inst.assert_a117:precondition1           undetermined    Ht       101 -     0.433 s      
[227] uart2bus_top.uart_sva_inst.assert_a118                         undetermined    Ht       101 -     0.438 s      
[228] uart2bus_top.uart_sva_inst.assert_a118:precondition1           undetermined    Ht       101 -     0.438 s      
[229] uart2bus_top.uart_sva_inst.assert_a119                         proven          PRE    Infinite    0.000 s      
[230] uart2bus_top.uart_sva_inst.assert_a119:precondition1           undetermined    Ht       101 -     0.438 s      
[231] uart2bus_top.uart_sva_inst.assert_a120                         cex             N             1    0.000 s      
[232] uart2bus_top.uart_sva_inst.assert_a121                         proven          PRE    Infinite    0.000 s      
[233] uart2bus_top.uart_sva_inst.assert_a121:precondition1           undetermined    Ht       101 -     0.433 s      
[234] uart2bus_top.uart_sva_inst.assert_a122                         undetermined    Ht       101 -     0.439 s      
[235] uart2bus_top.uart_sva_inst.assert_a122:precondition1           undetermined    Ht       101 -     0.439 s      
[236] uart2bus_top.uart_sva_inst.assert_a123                         undetermined    Ht       101 -     0.439 s      
[237] uart2bus_top.uart_sva_inst.assert_a123:precondition1           undetermined    Ht       101 -     0.439 s      
[238] uart2bus_top.uart_sva_inst.assert_a124                         undetermined    Ht       101 -     0.439 s      
[239] uart2bus_top.uart_sva_inst.assert_a124:precondition1           undetermined    Ht       101 -     0.439 s      
[240] uart2bus_top.uart_sva_inst.assert_a125                         cex             Hp            1    0.090 s      
[241] uart2bus_top.uart_sva_inst.assert_a125:precondition1           covered         Hp            1    0.073 s      
[242] uart2bus_top.uart_sva_inst.assert_a126                         undetermined    Ht       101 -     0.440 s      
[243] uart2bus_top.uart_sva_inst.assert_a126:precondition1           undetermined    Ht       101 -     0.440 s      
[244] uart2bus_top.uart_sva_inst.assert_a127                         undetermined    Ht       101 -     0.440 s      
[245] uart2bus_top.uart_sva_inst.assert_a127:precondition1           undetermined    Ht       101 -     0.430 s      
[246] uart2bus_top.uart_sva_inst.assert_a128                         proven          PRE    Infinite    0.000 s      
[247] uart2bus_top.uart_sva_inst.assert_a128:precondition1           unreachable     PRE    Infinite    0.000 s      
[248] uart2bus_top.uart_sva_inst.assert_a129                         cex             Ht            2    0.029 s      
[249] uart2bus_top.uart_sva_inst.assert_a129:precondition1           covered         Hp            1    0.109 s      
[250] uart2bus_top.uart_sva_inst.assert_a130                         undetermined    Ht       101 -     0.440 s      
[251] uart2bus_top.uart_sva_inst.assert_a130:precondition1           undetermined    Ht       101 -     0.430 s      
[252] uart2bus_top.uart_sva_inst.assert_a131                         undetermined    Ht       101 -     0.440 s      
[253] uart2bus_top.uart_sva_inst.assert_a131:precondition1           undetermined    Ht       101 -     0.440 s      
[254] uart2bus_top.uart_sva_inst.assert_a132                         undetermined    Ht       101 -     0.440 s      
[255] uart2bus_top.uart_sva_inst.assert_a132:precondition1           undetermined    Ht       101 -     0.440 s      
[256] uart2bus_top.uart_sva_inst.assert_a133                         cex             Hp            1    0.090 s      
[257] uart2bus_top.uart_sva_inst.assert_a133:precondition1           covered         N             1    0.000 s      
[258] uart2bus_top.uart_sva_inst.assert_a134                         undetermined    Ht       101 -     0.439 s      
[259] uart2bus_top.uart_sva_inst.assert_a134:precondition1           undetermined    Ht       101 -     0.439 s      
[260] uart2bus_top.uart_sva_inst.assert_a135                         cex             Hp            1    0.090 s      
[261] uart2bus_top.uart_sva_inst.assert_a135:precondition1           covered         N             1    0.000 s      
[262] uart2bus_top.uart_sva_inst.assert_a136                         undetermined    Ht       101 -     0.441 s      
[263] uart2bus_top.uart_sva_inst.assert_a136:precondition1           undetermined    Ht       101 -     0.441 s      
[264] uart2bus_top.uart_sva_inst.assert_a137                         undetermined    Ht       101 -     0.441 s      
[265] uart2bus_top.uart_sva_inst.assert_a137:precondition1           undetermined    Ht       101 -     0.441 s      
[266] uart2bus_top.uart_sva_inst.assert_a138                         undetermined    Ht       101 -     0.441 s      
[267] uart2bus_top.uart_sva_inst.assert_a138:precondition1           undetermined    Ht       101 -     0.442 s      
[268] uart2bus_top.uart_sva_inst.assert_a139                         cex             Hp            1    0.090 s      
[269] uart2bus_top.uart_sva_inst.assert_a139:precondition1           covered         Hp            1    0.073 s      
[270] uart2bus_top.uart_sva_inst.assert_a140                         cex             Hp            1    0.063 s      
[271] uart2bus_top.uart_sva_inst.assert_a140:precondition1           covered         N             1    0.000 s      
[272] uart2bus_top.uart_sva_inst.assert_a141                         undetermined    Ht       101 -     0.442 s      
[273] uart2bus_top.uart_sva_inst.assert_a141:precondition1           undetermined    Ht       101 -     0.436 s      
[274] uart2bus_top.uart_sva_inst.assert_a142                         undetermined    Ht       101 -     0.437 s      
[275] uart2bus_top.uart_sva_inst.assert_a142:precondition1           undetermined    Ht       101 -     0.437 s      
[276] uart2bus_top.uart_sva_inst.assert_a143                         proven          PRE    Infinite    0.000 s      
[277] uart2bus_top.uart_sva_inst.assert_a143:precondition1           covered         N             1    0.000 s      
[278] uart2bus_top.uart_sva_inst.assert_a145                         undetermined    Ht       101 -     0.441 s      
[279] uart2bus_top.uart_sva_inst.assert_a145:precondition1           undetermined    Ht       101 -     0.441 s      
[280] uart2bus_top.uart_sva_inst.assert_a146                         undetermined    Ht       101 -     0.442 s      
[281] uart2bus_top.uart_sva_inst.assert_a146:precondition1           undetermined    Ht       101 -     0.442 s      
[282] uart2bus_top.uart_sva_inst.assert_a147                         undetermined    Ht       101 -     0.442 s      
[283] uart2bus_top.uart_sva_inst.assert_a147:precondition1           undetermined    Ht       101 -     0.436 s      
[284] uart2bus_top.uart_sva_inst.assert_a148                         undetermined    Ht       101 -     0.436 s      
[285] uart2bus_top.uart_sva_inst.assert_a148:precondition1           undetermined    Ht       101 -     0.436 s      
[286] uart2bus_top.uart_sva_inst.assert_a149                         undetermined    Ht       101 -     0.442 s      
[287] uart2bus_top.uart_sva_inst.assert_a149:precondition1           undetermined    Ht       101 -     0.433 s      
[288] uart2bus_top.uart_sva_inst.assert_a150                         proven          PRE    Infinite    0.000 s      
[289] uart2bus_top.uart_sva_inst.assert_a150:precondition1           covered         N             1    0.000 s      
[290] uart2bus_top.uart_sva_inst.assert_a151                         proven          PRE    Infinite    0.000 s      
[291] uart2bus_top.uart_sva_inst.assert_a151:precondition1           unreachable     PRE    Infinite    0.000 s      
[292] uart2bus_top.uart_sva_inst.assert_a152                         undetermined    Ht       101 -     0.442 s      
[293] uart2bus_top.uart_sva_inst.assert_a152:precondition1           undetermined    Ht       101 -     0.440 s      
[294] uart2bus_top.uart_sva_inst.assert_a153                         proven          PRE    Infinite    0.000 s      
[295] uart2bus_top.uart_sva_inst.assert_a153:precondition1           undetermined    Ht       101 -     0.430 s      
[296] uart2bus_top.uart_sva_inst.assert_a154                         proven          PRE    Infinite    0.000 s      
[297] uart2bus_top.uart_sva_inst.assert_a154:precondition1           covered         N             1    0.000 s      
[298] uart2bus_top.uart_sva_inst.assert_a155                         undetermined    Ht       101 -     0.443 s      
[299] uart2bus_top.uart_sva_inst.assert_a155:precondition1           undetermined    Ht       101 -     0.442 s      
[300] uart2bus_top.uart_sva_inst.assert_a156                         proven          PRE    Infinite    0.000 s      
[301] uart2bus_top.uart_sva_inst.assert_a156:precondition1           unreachable     PRE    Infinite    0.000 s      
[302] uart2bus_top.uart_sva_inst.assert_a157                         undetermined    Ht       101 -     0.443 s      
[303] uart2bus_top.uart_sva_inst.assert_a157:precondition1           undetermined    Ht       101 -     0.443 s      
[304] uart2bus_top.uart_sva_inst.assert_a158                         undetermined    Ht       101 -     0.422 s      
[305] uart2bus_top.uart_sva_inst.assert_a158:precondition1           undetermined    Ht       101 -     0.422 s      
[306] uart2bus_top.uart_sva_inst.assert_a159                         undetermined    Ht       101 -     0.443 s      
[307] uart2bus_top.uart_sva_inst.assert_a159:precondition1           undetermined    Ht       101 -     0.443 s      
[308] uart2bus_top.uart_sva_inst.assert_a160                         undetermined    Ht       101 -     0.444 s      
[309] uart2bus_top.uart_sva_inst.assert_a160:precondition1           undetermined    Ht       101 -     0.422 s      
[310] uart2bus_top.uart_sva_inst.assert_a161                         proven          PRE    Infinite    0.000 s      
[311] uart2bus_top.uart_sva_inst.assert_a161:precondition1           undetermined    Ht       101 -     0.422 s      
[312] uart2bus_top.uart_sva_inst.assert_a162                         undetermined    Ht       101 -     0.443 s      
[313] uart2bus_top.uart_sva_inst.assert_a162:precondition1           covered         N             1    0.000 s      
[314] uart2bus_top.uart_sva_inst.assert_a163                         undetermined    Ht       101 -     0.444 s      
[315] uart2bus_top.uart_sva_inst.assert_a163:precondition1           undetermined    Ht       101 -     0.422 s      
[316] uart2bus_top.uart_sva_inst.assert_a164                         undetermined    Ht       101 -     0.444 s      
[317] uart2bus_top.uart_sva_inst.assert_a164:precondition1           undetermined    Ht       101 -     0.422 s      
[318] uart2bus_top.uart_sva_inst.assert_a165                         undetermined    Ht       101 -     0.445 s      
[319] uart2bus_top.uart_sva_inst.assert_a165:precondition1           covered         Hp            1    0.120 s      
[320] uart2bus_top.uart_sva_inst.assert_a166                         undetermined    Ht       101 -     0.443 s      
[321] uart2bus_top.uart_sva_inst.assert_a166:precondition1           undetermined    Ht       101 -     0.443 s      
[322] uart2bus_top.uart_sva_inst.assert_a167                         undetermined    Ht       101 -     0.445 s      
[323] uart2bus_top.uart_sva_inst.assert_a167:precondition1           undetermined    Ht       101 -     0.443 s      
[324] uart2bus_top.uart_sva_inst.assert_a168                         proven          PRE    Infinite    0.000 s      
[325] uart2bus_top.uart_sva_inst.assert_a168:precondition1           unreachable     PRE    Infinite    0.000 s      
[326] uart2bus_top.uart_sva_inst.assert_a169                         undetermined    Ht       101 -     0.445 s      
[327] uart2bus_top.uart_sva_inst.assert_a170                         undetermined    Ht       101 -     0.444 s      
[328] uart2bus_top.uart_sva_inst.assert_a170:precondition1           undetermined    Ht       101 -     0.422 s      
[329] uart2bus_top.uart_sva_inst.assert_a171                         undetermined    Ht       101 -     0.446 s      
[330] uart2bus_top.uart_sva_inst.assert_a171:precondition1           undetermined    Ht       101 -     0.446 s      
[331] uart2bus_top.uart_sva_inst.assert_a172                         undetermined    Ht       101 -     0.446 s      
[332] uart2bus_top.uart_sva_inst.assert_a172:precondition1           undetermined    Ht       101 -     0.422 s      
[333] uart2bus_top.uart_sva_inst.assert_a173                         undetermined    Ht       101 -     0.446 s      
[334] uart2bus_top.uart_sva_inst.assert_a173:precondition1           undetermined    Ht       101 -     0.420 s      
[335] uart2bus_top.uart_sva_inst.assert_a174                         undetermined    Ht       101 -     0.446 s      
[336] uart2bus_top.uart_sva_inst.assert_a174:precondition1           undetermined    Ht       101 -     0.421 s      
[337] uart2bus_top.uart_sva_inst.assert_a175                         undetermined    Ht       101 -     0.445 s      
[338] uart2bus_top.uart_sva_inst.assert_a175:precondition1           covered         Hp            1    0.120 s      
[339] uart2bus_top.uart_sva_inst.assert_a176                         undetermined    Ht       101 -     0.446 s      
[340] uart2bus_top.uart_sva_inst.assert_a176:precondition1           undetermined    Ht       101 -     0.421 s      
[341] uart2bus_top.uart_sva_inst.assert_a177                         undetermined    Ht       101 -     0.446 s      
[342] uart2bus_top.uart_sva_inst.assert_a177:precondition1           undetermined    Ht       101 -     0.421 s      
[343] uart2bus_top.uart_sva_inst.assert_a178                         undetermined    Ht       101 -     0.445 s      
[344] uart2bus_top.uart_sva_inst.assert_a179                         proven          PRE    Infinite    0.000 s      
[345] uart2bus_top.uart_sva_inst.assert_a179:precondition1           unreachable     PRE    Infinite    0.000 s      
[346] uart2bus_top.uart_sva_inst.assert_a180                         undetermined    Ht       101 -     0.434 s      
[347] uart2bus_top.uart_sva_inst.assert_a180:precondition1           undetermined    Ht       101 -     0.423 s      
[348] uart2bus_top.uart_sva_inst.assert_a181                         undetermined    Ht       101 -     0.446 s      
[349] uart2bus_top.uart_sva_inst.assert_a181:precondition1           undetermined    Ht       101 -     0.423 s      
[350] uart2bus_top.uart_sva_inst.assert_a182                         undetermined    Ht       101 -     0.447 s      
[351] uart2bus_top.uart_sva_inst.assert_a182:precondition1           undetermined    Ht       101 -     0.447 s      
[352] uart2bus_top.uart_sva_inst.assert_a183                         undetermined    Ht       101 -     0.447 s      
[353] uart2bus_top.uart_sva_inst.assert_a183:precondition1           undetermined    Ht       101 -     0.447 s      
[354] uart2bus_top.uart_sva_inst.assert_a184                         undetermined    Ht       101 -     0.447 s      
[355] uart2bus_top.uart_sva_inst.assert_a184:precondition1           undetermined    Ht       101 -     0.447 s      
[356] uart2bus_top.uart_sva_inst.assert_a185                         undetermined    Ht       101 -     0.447 s      
[357] uart2bus_top.uart_sva_inst.assert_a185:precondition1           undetermined    Ht       101 -     0.420 s      
[358] uart2bus_top.uart_sva_inst.assert_a186                         undetermined    Ht       101 -     0.447 s      
[359] uart2bus_top.uart_sva_inst.assert_a186:precondition1           undetermined    Ht       101 -     0.429 s      
[360] uart2bus_top.uart_sva_inst.assert_a187                         undetermined    Ht       101 -     0.448 s      
[361] uart2bus_top.uart_sva_inst.assert_a187:precondition1           covered         Hp            1    0.109 s      
[362] uart2bus_top.uart_sva_inst.assert_a188                         undetermined    Ht       101 -     0.448 s      
[363] uart2bus_top.uart_sva_inst.assert_a188:precondition1           undetermined    Ht       101 -     0.430 s      
[364] uart2bus_top.uart_sva_inst.assert_a189                         undetermined    Ht       101 -     0.448 s      
[365] uart2bus_top.uart_sva_inst.assert_a189:precondition1           undetermined    Ht       101 -     0.447 s      
[366] uart2bus_top.uart_sva_inst.assert_a190                         undetermined    Ht       101 -     0.448 s      
[367] uart2bus_top.uart_sva_inst.assert_a191                         undetermined    Ht       101 -     0.448 s      
[368] uart2bus_top.uart_sva_inst.assert_a191:precondition1           undetermined    Ht       101 -     0.429 s      
[369] uart2bus_top.uart_sva_inst.assert_a192                         undetermined    Ht       101 -     0.449 s      
[370] uart2bus_top.uart_sva_inst.assert_a192:precondition1           covered         Hp            1    0.063 s      
[371] uart2bus_top.uart_sva_inst.assert_a193                         undetermined    Ht       101 -     0.449 s      
[372] uart2bus_top.uart_sva_inst.assert_a193:precondition1           covered         Hp            1    0.063 s      
[373] uart2bus_top.uart_sva_inst.assert_a194                         proven          PRE    Infinite    0.000 s      
[374] uart2bus_top.uart_sva_inst.assert_a194:precondition1           unreachable     PRE    Infinite    0.000 s      
[375] uart2bus_top.uart_sva_inst.assert_a195                         undetermined    Ht       101 -     0.449 s      
[376] uart2bus_top.uart_sva_inst.assert_a195:precondition1           undetermined    Ht       101 -     0.430 s      
[377] uart2bus_top.uart_sva_inst.assert_a196                         undetermined    Ht       101 -     0.449 s      
[378] uart2bus_top.uart_sva_inst.assert_a196:precondition1           covered         N             1    0.000 s      
[379] uart2bus_top.uart_sva_inst.assert_a197                         undetermined    Ht       101 -     0.429 s      
[380] uart2bus_top.uart_sva_inst.assert_a197:precondition1           undetermined    Ht       101 -     0.430 s      
[381] uart2bus_top.uart_sva_inst.assert_a198                         undetermined    Ht       101 -     0.449 s      
[382] uart2bus_top.uart_sva_inst.assert_a198:precondition1           covered         Hp            1    0.063 s      
[383] uart2bus_top.uart_sva_inst.assert_a199                         proven          PRE    Infinite    0.000 s      
[384] uart2bus_top.uart_sva_inst.assert_a199:precondition1           unreachable     PRE    Infinite    0.000 s      
[385] uart2bus_top.uart_sva_inst.assert_a201                         proven          Ht     Infinite    0.038 s      
[386] uart2bus_top.uart_sva_inst.assert_a201:precondition1           covered         N             1    0.000 s      
[387] uart2bus_top.uart_sva_inst.assert_a202                         undetermined    Ht       101 -     0.428 s      
[388] uart2bus_top.uart_sva_inst.assert_a202:precondition1           undetermined    Ht       101 -     0.428 s      
[389] uart2bus_top.uart_sva_inst.assert_a203                         undetermined    Ht       101 -     0.449 s      
[390] uart2bus_top.uart_sva_inst.assert_a203:precondition1           undetermined    Ht       101 -     0.449 s      
[391] uart2bus_top.uart_sva_inst.assert_a204                         proven          PRE    Infinite    0.000 s      
[392] uart2bus_top.uart_sva_inst.assert_a204:precondition1           unreachable     PRE    Infinite    0.000 s      
[393] uart2bus_top.uart_sva_inst.assert_a205                         undetermined    Ht       101 -     0.449 s      
[394] uart2bus_top.uart_sva_inst.assert_a205:precondition1           undetermined    Ht       101 -     0.449 s      
[395] uart2bus_top.uart_sva_inst.assert_a206                         undetermined    Ht       101 -     0.450 s      
[396] uart2bus_top.uart_sva_inst.assert_a206:precondition1           undetermined    Ht       101 -     0.430 s      
[397] uart2bus_top.uart_sva_inst.assert_a207                         undetermined    Ht       101 -     0.450 s      
[398] uart2bus_top.uart_sva_inst.assert_a207:precondition1           undetermined    Ht       101 -     0.430 s      
[399] uart2bus_top.uart_sva_inst.assert_a208                         undetermined    Ht       101 -     0.450 s      
[400] uart2bus_top.uart_sva_inst.assert_a208:precondition1           covered         N             1    0.000 s      
[401] uart2bus_top.uart_sva_inst.assert_a209                         undetermined    Ht       101 -     0.450 s      
[402] uart2bus_top.uart_sva_inst.assert_a209:precondition1           undetermined    Ht       101 -     0.450 s      
[403] uart2bus_top.uart_sva_inst.assert_a210                         undetermined    Ht       101 -     0.450 s      
[404] uart2bus_top.uart_sva_inst.assert_a210:precondition1           undetermined    Ht       101 -     0.451 s      
[405] uart2bus_top.uart_sva_inst.assert_a211                         proven          PRE    Infinite    0.000 s      
[406] uart2bus_top.uart_sva_inst.assert_a211:precondition1           undetermined    Ht       101 -     0.451 s      
[407] uart2bus_top.uart_sva_inst.assert_a212                         undetermined    Ht       101 -     0.451 s      
[408] uart2bus_top.uart_sva_inst.assert_a212:precondition1           undetermined    Ht       101 -     0.451 s      
[409] uart2bus_top.uart_sva_inst.assert_a213                         proven          PRE    Infinite    0.000 s      
[410] uart2bus_top.uart_sva_inst.assert_a213:precondition1           unreachable     PRE    Infinite    0.000 s      
[411] uart2bus_top.uart_sva_inst.assert_a214                         undetermined    Ht       101 -     0.451 s      
[412] uart2bus_top.uart_sva_inst.assert_a214:precondition1           undetermined    Ht       101 -     0.451 s      
[413] uart2bus_top.uart_sva_inst.assert_a215                         proven          PRE    Infinite    0.000 s      
[414] uart2bus_top.uart_sva_inst.assert_a215:precondition1           undetermined    Ht       101 -     0.450 s      
[415] uart2bus_top.uart_sva_inst.assert_a216                         undetermined    Ht       101 -     0.451 s      
[416] uart2bus_top.uart_sva_inst.assert_a216:precondition1           undetermined    Ht       101 -     0.451 s      
[417] uart2bus_top.uart_sva_inst.assert_a217                         undetermined    Ht       101 -     0.451 s      
[418] uart2bus_top.uart_sva_inst.assert_a217:precondition1           undetermined    Ht       101 -     0.452 s      
[419] uart2bus_top.uart_sva_inst.assert_a218                         undetermined    Ht       101 -     0.452 s      
[420] uart2bus_top.uart_sva_inst.assert_a218:precondition1           undetermined    Ht       101 -     0.452 s      
[421] uart2bus_top.uart_sva_inst.assert_a219                         undetermined    Ht       101 -     0.452 s      
[422] uart2bus_top.uart_sva_inst.assert_a219:precondition1           undetermined    Ht       101 -     0.452 s      
[423] uart2bus_top.uart_sva_inst.assert_a220                         proven          PRE    Infinite    0.000 s      
[424] uart2bus_top.uart_sva_inst.assert_a220:precondition1           undetermined    Ht       101 -     0.452 s      
[425] uart2bus_top.uart_sva_inst.assert_a221                         proven          PRE    Infinite    0.000 s      
[426] uart2bus_top.uart_sva_inst.assert_a221:precondition1           unreachable     PRE    Infinite    0.000 s      
[427] uart2bus_top.uart_sva_inst.assert_a221:precondition2           unreachable     PRE    Infinite    0.000 s      
[428] uart2bus_top.uart_sva_inst.assert_a222                         undetermined    Ht       101 -     0.452 s      
[429] uart2bus_top.uart_sva_inst.assert_a222:precondition1           covered         N             1    0.000 s      
[430] uart2bus_top.uart_sva_inst.assert_a223                         undetermined    Ht       101 -     0.452 s      
[431] uart2bus_top.uart_sva_inst.assert_a223:precondition1           undetermined    Ht       101 -     0.450 s      
[432] uart2bus_top.uart_sva_inst.assert_a224                         undetermined    Ht       101 -     0.452 s      
[433] uart2bus_top.uart_sva_inst.assert_a224:precondition1           undetermined    Ht       101 -     0.453 s      
[434] uart2bus_top.uart_sva_inst.assert_a225                         undetermined    Ht       101 -     0.453 s      
[435] uart2bus_top.uart_sva_inst.assert_a225:precondition1           undetermined    Ht       101 -     0.453 s      
[436] uart2bus_top.uart_sva_inst.assert_a226                         undetermined    Ht       101 -     0.453 s      
[437] uart2bus_top.uart_sva_inst.assert_a226:precondition1           undetermined    Ht       101 -     0.453 s      
[438] uart2bus_top.uart_sva_inst.assert_a227                         proven          PRE    Infinite    0.000 s      
[439] uart2bus_top.uart_sva_inst.assert_a227:precondition1           undetermined    Ht       101 -     0.453 s      
[440] uart2bus_top.uart_sva_inst.assert_a228                         proven          PRE    Infinite    0.000 s      
[441] uart2bus_top.uart_sva_inst.assert_a228:precondition1           unreachable     PRE    Infinite    0.000 s      
[442] uart2bus_top.uart_sva_inst.assert_a229                         undetermined    Ht       101 -     0.453 s      
[443] uart2bus_top.uart_sva_inst.assert_a229:precondition1           undetermined    Ht       101 -     0.450 s      
[444] uart2bus_top.uart_sva_inst.assert_a230                         undetermined    Ht       101 -     0.453 s      
[445] uart2bus_top.uart_sva_inst.assert_a230:precondition1           undetermined    Ht       101 -     0.450 s      
[446] uart2bus_top.uart_sva_inst.assert_a231                         undetermined    Ht       101 -     0.453 s      
[447] uart2bus_top.uart_sva_inst.assert_a231:precondition1           covered         N             1    0.000 s      
[448] uart2bus_top.uart_sva_inst.assert_a232                         undetermined    Ht       101 -     0.452 s      
[449] uart2bus_top.uart_sva_inst.assert_a232:precondition1           undetermined    Ht       101 -     0.450 s      
[450] uart2bus_top.uart_sva_inst.assert_a233                         undetermined    Ht       101 -     0.453 s      
[451] uart2bus_top.uart_sva_inst.assert_a233:precondition1           undetermined    Ht       101 -     0.454 s      
[452] uart2bus_top.uart_sva_inst.assert_a233:precondition2           undetermined    Ht       101 -     0.454 s      
[453] uart2bus_top.uart_sva_inst.assert_a233:precondition3           undetermined    Ht       101 -     0.454 s      
[454] uart2bus_top.uart_sva_inst.assert_a233:precondition4           undetermined    Ht       101 -     0.454 s      
[455] uart2bus_top.uart_sva_inst.assert_a234                         undetermined    Ht       101 -     0.453 s      
[456] uart2bus_top.uart_sva_inst.assert_a234:precondition1           covered         N             1    0.000 s      
[457] uart2bus_top.uart_sva_inst.assert_a235                         proven          PRE    Infinite    0.000 s      
[458] uart2bus_top.uart_sva_inst.assert_a235:precondition1           undetermined    Ht       101 -     0.451 s      
[459] uart2bus_top.uart_sva_inst.assert_a236                         proven          PRE    Infinite    0.000 s      
[460] uart2bus_top.uart_sva_inst.assert_a236:precondition1           unreachable     PRE    Infinite    0.000 s      
[461] uart2bus_top.uart_sva_inst.assert_a237                         undetermined    Ht       101 -     0.454 s      
[462] uart2bus_top.uart_sva_inst.assert_a237:precondition1           undetermined    Ht       101 -     0.454 s      
[463] uart2bus_top.uart_sva_inst.assert_a238                         undetermined    Ht       101 -     0.454 s      
[464] uart2bus_top.uart_sva_inst.assert_a238:precondition1           covered         N             1    0.000 s      
[465] uart2bus_top.uart_sva_inst.assert_a239                         undetermined    Ht       101 -     0.454 s      
[466] uart2bus_top.uart_sva_inst.assert_a239:precondition1           undetermined    Ht       101 -     0.454 s      
[467] uart2bus_top.uart_sva_inst.assert_a240                         undetermined    Ht       101 -     0.454 s      
[468] uart2bus_top.uart_sva_inst.assert_a240:precondition1           undetermined    Ht       101 -     0.454 s      
[469] uart2bus_top.uart_sva_inst.assert_a241                         undetermined    Ht       101 -     0.455 s      
[470] uart2bus_top.uart_sva_inst.assert_a241:precondition1           undetermined    Ht       101 -     0.454 s      
[471] uart2bus_top.uart_sva_inst.assert_a242                         undetermined    Ht       101 -     0.455 s      
[472] uart2bus_top.uart_sva_inst.assert_a242:precondition1           covered         Hp            1    0.063 s      
[473] uart2bus_top.uart_sva_inst.assert_a243                         undetermined    Ht       101 -     0.455 s      
[474] uart2bus_top.uart_sva_inst.assert_a243:precondition1           undetermined    Ht       101 -     0.455 s      
[475] uart2bus_top.uart_sva_inst.assert_a244                         undetermined    Ht       101 -     0.455 s      
[476] uart2bus_top.uart_sva_inst.assert_a244:precondition1           covered         N             1    0.000 s      
[477] uart2bus_top.uart_sva_inst.assert_a245                         undetermined    Ht       101 -     0.455 s      
[478] uart2bus_top.uart_sva_inst.assert_a245:precondition1           covered         N             1    0.000 s      
[479] uart2bus_top.uart_sva_inst.assert_a246                         proven          PRE    Infinite    0.000 s      
[480] uart2bus_top.uart_sva_inst.assert_a246:precondition1           unreachable     PRE    Infinite    0.000 s      
[481] uart2bus_top.uart_sva_inst.assert_a247                         undetermined    Ht       101 -     0.455 s      
[482] uart2bus_top.uart_sva_inst.assert_a247:precondition1           undetermined    Ht       101 -     0.454 s      
[483] uart2bus_top.uart_sva_inst.assert_a248                         undetermined    Ht       101 -     0.455 s      
[484] uart2bus_top.uart_sva_inst.assert_a248:precondition1           undetermined    Ht       101 -     0.455 s      
[485] uart2bus_top.uart_sva_inst.assert_a249                         undetermined    Ht       101 -     0.455 s      
[486] uart2bus_top.uart_sva_inst.assert_a249:precondition1           covered         N             1    0.000 s      
[487] uart2bus_top.uart_sva_inst.assert_a250                         undetermined    Ht       101 -     0.456 s      
[488] uart2bus_top.uart_sva_inst.assert_a250:precondition1           covered         Hp            1    0.063 s      
[489] uart2bus_top.uart_sva_inst.assert_a251                         undetermined    Ht       101 -     0.456 s      
[490] uart2bus_top.uart_sva_inst.assert_a251:precondition1           undetermined    Ht       101 -     0.456 s      
[491] uart2bus_top.uart_sva_inst.assert_a252                         undetermined    Ht       101 -     0.455 s      
[492] uart2bus_top.uart_sva_inst.assert_a252:precondition1           undetermined    B        101 -     0.096 s      
[493] uart2bus_top.uart_sva_inst.assert_a253                         undetermined    Ht       101 -     0.456 s      
[494] uart2bus_top.uart_sva_inst.assert_a253:precondition1           undetermined    B        101 -     0.096 s      
[495] uart2bus_top.uart_sva_inst.assert_a254                         undetermined    Ht       101 -     0.455 s      
[496] uart2bus_top.uart_sva_inst.assert_a254:precondition1           covered         Hp            1    0.063 s      
[497] uart2bus_top.uart_sva_inst.assert_a255                         proven          PRE    Infinite    0.000 s      
[498] uart2bus_top.uart_sva_inst.assert_a255:precondition1           unreachable     PRE    Infinite    0.000 s      
[499] uart2bus_top.uart_sva_inst.assert_a256                         undetermined    Ht       101 -     0.456 s      
[500] uart2bus_top.uart_sva_inst.assert_a256:precondition1           undetermined    Ht       101 -     0.456 s      
[501] uart2bus_top.uart_sva_inst.assert_a257                         undetermined    Ht       101 -     0.456 s      
[502] uart2bus_top.uart_sva_inst.assert_a258                         undetermined    Ht       101 -     0.456 s      
[503] uart2bus_top.uart_sva_inst.assert_a258:precondition1           covered         N             1    0.000 s      
[504] uart2bus_top.uart_sva_inst.assert_a259                         proven          Ht     Infinite    0.030 s      
[505] uart2bus_top.uart_sva_inst.assert_a259:precondition1           covered         N             1    0.000 s      
[506] uart2bus_top.uart_sva_inst.assert_a260                         undetermined    Ht       101 -     0.455 s      
[507] uart2bus_top.uart_sva_inst.assert_a260:precondition1           undetermined    Ht       101 -     0.454 s      
[508] uart2bus_top.uart_sva_inst.assert_a261                         undetermined    Ht       101 -     0.456 s      
[509] uart2bus_top.uart_sva_inst.assert_a261:precondition1           undetermined    Ht       101 -     0.456 s      
[510] uart2bus_top.uart_sva_inst.assert_a262                         undetermined    Ht       101 -     0.456 s      
[511] uart2bus_top.uart_sva_inst.assert_a262:precondition1           undetermined    Ht       101 -     0.451 s      
[512] uart2bus_top.uart_sva_inst.assert_a263                         proven          PRE    Infinite    0.000 s      
[513] uart2bus_top.uart_sva_inst.assert_a263:precondition1           unreachable     PRE    Infinite    0.000 s      
[514] uart2bus_top.uart_sva_inst.assert_a264                         proven          PRE    Infinite    0.000 s      
[515] uart2bus_top.uart_sva_inst.assert_a264:precondition1           unreachable     PRE    Infinite    0.000 s      
[516] uart2bus_top.uart_sva_inst.assert_a265                         undetermined    Ht       101 -     0.457 s      
[517] uart2bus_top.uart_sva_inst.assert_a265:precondition1           covered         N             1    0.000 s      
[518] uart2bus_top.uart_sva_inst.assert_a266                         proven          Ht     Infinite    0.039 s      
[519] uart2bus_top.uart_sva_inst.assert_a266:precondition1           unreachable     Ht     Infinite    0.031 s      
[520] uart2bus_top.uart_sva_inst.assert_a267                         proven          PRE    Infinite    0.000 s      
[521] uart2bus_top.uart_sva_inst.assert_a267:precondition1           unreachable     PRE    Infinite    0.000 s      
[522] uart2bus_top.uart_sva_inst.assert_a268                         proven          PRE    Infinite    0.000 s      
[523] uart2bus_top.uart_sva_inst.assert_a268:precondition1           unreachable     PRE    Infinite    0.000 s      
[524] uart2bus_top.uart_sva_inst.assert_a269                         proven          PRE    Infinite    0.000 s      
[525] uart2bus_top.uart_sva_inst.assert_a269:precondition1           unreachable     PRE    Infinite    0.000 s      
[526] uart2bus_top.uart_sva_inst.assert_a270                         proven          PRE    Infinite    0.000 s      
[527] uart2bus_top.uart_sva_inst.assert_a270:precondition1           unreachable     PRE    Infinite    0.000 s      
[528] uart2bus_top.uart_sva_inst.assert_a271                         proven          PRE    Infinite    0.000 s      
[529] uart2bus_top.uart_sva_inst.assert_a271:precondition1           unreachable     PRE    Infinite    0.000 s      
[530] uart2bus_top.uart_sva_inst.assert_a272                         proven          PRE    Infinite    0.000 s      
[531] uart2bus_top.uart_sva_inst.assert_a272:precondition1           unreachable     PRE    Infinite    0.000 s      
[532] uart2bus_top.uart_sva_inst.assert_a273                         proven          PRE    Infinite    0.000 s      
[533] uart2bus_top.uart_sva_inst.assert_a273:precondition1           unreachable     PRE    Infinite    0.000 s      
[534] uart2bus_top.uart_sva_inst.assert_a274                         proven          PRE    Infinite    0.000 s      
[535] uart2bus_top.uart_sva_inst.assert_a274:precondition1           unreachable     PRE    Infinite    0.000 s      
[536] uart2bus_top.uart_sva_inst.assert_a278                         proven          PRE    Infinite    0.000 s      
[537] uart2bus_top.uart_sva_inst.assert_a278:precondition1           unreachable     PRE    Infinite    0.000 s      
[538] uart2bus_top.uart_sva_inst.assert_a279                         proven          PRE    Infinite    0.000 s      
[539] uart2bus_top.uart_sva_inst.assert_a279:precondition1           unreachable     PRE    Infinite    0.000 s      
[540] uart2bus_top.uart_sva_inst.assert_a280                         cex             Ht            4    0.049 s      
[541] uart2bus_top.uart_sva_inst.assert_a280:precondition1           covered         N             1    0.000 s      
[542] uart2bus_top.uart_sva_inst.assert_a281                         proven          PRE    Infinite    0.000 s      
[543] uart2bus_top.uart_sva_inst.assert_a281:precondition1           unreachable     PRE    Infinite    0.000 s      
[544] uart2bus_top.uart_sva_inst.assert_a282                         proven          PRE    Infinite    0.000 s      
[545] uart2bus_top.uart_sva_inst.assert_a282:precondition1           unreachable     PRE    Infinite    0.000 s      
[546] uart2bus_top.uart_sva_inst.assert_a283                         proven          PRE    Infinite    0.000 s      
[547] uart2bus_top.uart_sva_inst.assert_a283:precondition1           unreachable     PRE    Infinite    0.000 s      
[548] uart2bus_top.uart_sva_inst.assert_a284                         proven          Ht     Infinite    0.032 s      
[549] uart2bus_top.uart_sva_inst.assert_a284:precondition1           covered         N             1    0.000 s      
[550] uart2bus_top.uart_sva_inst.assert_a285                         proven          PRE    Infinite    0.000 s      
[551] uart2bus_top.uart_sva_inst.assert_a285:precondition1           unreachable     PRE    Infinite    0.000 s      
[552] uart2bus_top.uart_sva_inst.assert_a286                         proven          PRE    Infinite    0.000 s      
[553] uart2bus_top.uart_sva_inst.assert_a286:precondition1           unreachable     PRE    Infinite    0.000 s      
[554] uart2bus_top.uart_sva_inst.assert_a287                         proven          PRE    Infinite    0.000 s      
[555] uart2bus_top.uart_sva_inst.assert_a287:precondition1           unreachable     PRE    Infinite    0.000 s      
[556] uart2bus_top.uart_sva_inst.assert_a289                         cex             Ht            5    0.101 s      
[557] uart2bus_top.uart_sva_inst.assert_a289:precondition1           covered         N             1    0.000 s      
[558] uart2bus_top.uart_sva_inst.assert_a290                         undetermined    Ht       101 -     0.457 s      
[559] uart2bus_top.uart_sva_inst.assert_a290:precondition1           undetermined    Ht       101 -     0.457 s      
[560] uart2bus_top.uart_sva_inst.assert_a291                         cex             Ht           17    0.206 s      
[561] uart2bus_top.uart_sva_inst.assert_a291:precondition1           covered         Hp            1    0.073 s      
[562] uart2bus_top.uart_sva_inst.assert_a293                         undetermined    Ht       101 -     0.457 s      
[563] uart2bus_top.uart_sva_inst.assert_a293:precondition1           covered         Ht           16    0.168 s      
[564] uart2bus_top.uart_sva_inst.assert_a295                         proven          PRE    Infinite    0.000 s      
[565] uart2bus_top.uart_sva_inst.assert_a295:precondition1           unreachable     PRE    Infinite    0.000 s      
[566] uart2bus_top.uart_sva_inst.assert_a296                         cex             Ht           25    0.243 s      
[567] uart2bus_top.uart_sva_inst.assert_a296:precondition1           covered         Ht            9    0.148 s      
[568] uart2bus_top.uart_sva_inst.assert_a299                         proven          PRE    Infinite    0.000 s      
[569] uart2bus_top.uart_sva_inst.assert_a299:precondition1           unreachable     PRE    Infinite    0.000 s      
[570] uart2bus_top.uart_sva_inst.assert_a300                         undetermined    Ht       101 -     0.457 s      
[571] uart2bus_top.uart_sva_inst.assert_a300:precondition1           undetermined    Ht       101 -     0.457 s      
[572] uart2bus_top.uart_sva_inst.assert_a301                         undetermined    Ht       101 -     0.457 s      
[573] uart2bus_top.uart_sva_inst.assert_a301:precondition1           covered         Ht           10    0.159 s      
[574] uart2bus_top.uart_sva_inst.assert_a302                         cex             Ht            4    0.098 s      
[575] uart2bus_top.uart_sva_inst.assert_a302:precondition1           covered         Hp            1    0.073 s      
[576] uart2bus_top.uart_sva_inst.assert_a305                         cex             Ht           18    0.229 s      
[577] uart2bus_top.uart_sva_inst.assert_a305:precondition1           covered         Ht            2    0.036 s      
[578] uart2bus_top.uart_sva_inst.assert_a308                         cex             Ht           17    0.219 s      
[579] uart2bus_top.uart_sva_inst.assert_a308:precondition1           covered         N             1    0.000 s      
[580] uart2bus_top.uart_sva_inst.assert_a309                         cex             Ht           33    0.322 s      
[581] uart2bus_top.uart_sva_inst.assert_a309:precondition1           covered         Ht            9    0.155 s      
[582] uart2bus_top.uart_sva_inst.assert_a310                         cex             Ht           39    0.337 s      
[583] uart2bus_top.uart_sva_inst.assert_a310:precondition1           covered         Ht           23    0.237 s      
[584] uart2bus_top.uart_sva_inst.assert_a311                         cex             Ht           17    0.206 s      
[585] uart2bus_top.uart_sva_inst.assert_a311:precondition1           covered         Hp            1    0.073 s      
[586] uart2bus_top.uart_sva_inst.assert_a312                         proven          PRE    Infinite    0.000 s      
[587] uart2bus_top.uart_sva_inst.assert_a312:precondition1           unreachable     PRE    Infinite    0.000 s      
[588] uart2bus_top.uart_sva_inst.assert_a313                         proven          PRE    Infinite    0.000 s      
[589] uart2bus_top.uart_sva_inst.assert_a313:precondition1           unreachable     PRE    Infinite    0.000 s      
[590] uart2bus_top.uart_sva_inst.assert_a315                         proven          PRE    Infinite    0.000 s      
[591] uart2bus_top.uart_sva_inst.assert_a315:precondition1           unreachable     PRE    Infinite    0.000 s      
[592] uart2bus_top.uart_sva_inst.assert_a316                         proven          PRE    Infinite    0.000 s      
[593] uart2bus_top.uart_sva_inst.assert_a316:precondition1           covered         Ht           23    0.237 s      
[594] uart2bus_top.uart_sva_inst.assert_a317                         undetermined    Ht       101 -     0.457 s      
[595] uart2bus_top.uart_sva_inst.assert_a317:precondition1           undetermined    Ht       101 -     0.457 s      
[596] uart2bus_top.uart_sva_inst.assert_a318                         undetermined    Ht       101 -     0.457 s      
[597] uart2bus_top.uart_sva_inst.assert_a318:precondition1           covered         Hp            1    0.063 s      
[598] uart2bus_top.uart_sva_inst.assert_a319                         proven          PRE    Infinite    0.000 s      
[599] uart2bus_top.uart_sva_inst.assert_a319:precondition1           undetermined    B        101 -     0.096 s      
[600] uart2bus_top.uart_sva_inst.assert_a320                         undetermined    Ht       101 -     0.457 s      
[601] uart2bus_top.uart_sva_inst.assert_a320:precondition1           covered         Hp            1    0.063 s      
[602] uart2bus_top.uart_sva_inst.assert_a321                         undetermined    Ht       101 -     0.458 s      
[603] uart2bus_top.uart_sva_inst.assert_a321:precondition1           undetermined    Ht       101 -     0.430 s      
[604] uart2bus_top.uart_sva_inst.assert_a322                         undetermined    Ht       101 -     0.458 s      
[605] uart2bus_top.uart_sva_inst.assert_a322:precondition1           undetermined    Ht       101 -     0.431 s      
[606] uart2bus_top.uart_sva_inst.assert_a323                         proven          PRE    Infinite    0.000 s      
[607] uart2bus_top.uart_sva_inst.assert_a323:precondition1           unreachable     PRE    Infinite    0.000 s      
[608] uart2bus_top.uart_sva_inst.assert_a324                         undetermined    Ht       101 -     0.458 s      
[609] uart2bus_top.uart_sva_inst.assert_a324:precondition1           undetermined    Ht       101 -     0.445 s      
[610] uart2bus_top.uart_sva_inst.assert_a325                         cex             N             1    0.000 s      
[611] uart2bus_top.uart_sva_inst.assert_a325:precondition1           covered         N             1    0.000 s      
[612] uart2bus_top.uart_sva_inst.assert_a326                         cex             Ht            5    0.101 s      
[613] uart2bus_top.uart_sva_inst.assert_a326:precondition1           covered         N             1    0.000 s      
[614] uart2bus_top.uart_sva_inst.assert_a327                         undetermined    Ht       101 -     0.458 s      
[615] uart2bus_top.uart_sva_inst.assert_a327:precondition1           undetermined    Ht       101 -     0.458 s      
[616] uart2bus_top.uart_sva_inst.assert_a328                         undetermined    Ht       101 -     0.458 s      
[617] uart2bus_top.uart_sva_inst.assert_a328:precondition1           undetermined    Ht       101 -     0.458 s      
[618] uart2bus_top.uart_sva_inst.assert_a329                         undetermined    Ht       101 -     0.438 s      
[619] uart2bus_top.uart_sva_inst.assert_a329:precondition1           undetermined    Ht       101 -     0.438 s      
[620] uart2bus_top.uart_sva_inst.assert_a330                         undetermined    Ht       101 -     0.458 s      
[621] uart2bus_top.uart_sva_inst.assert_a330:precondition1           undetermined    Ht       101 -     0.431 s      
[622] uart2bus_top.uart_sva_inst.assert_a331                         undetermined    Ht       101 -     0.458 s      
[623] uart2bus_top.uart_sva_inst.assert_a331:precondition1           undetermined    B        101 -     0.097 s      
[624] uart2bus_top.uart_sva_inst.assert_a332                         proven          PRE    Infinite    0.000 s      
[625] uart2bus_top.uart_sva_inst.assert_a332:precondition1           unreachable     PRE    Infinite    0.000 s      
[626] uart2bus_top.uart_sva_inst.assert_a333                         cex             N             1    0.000 s      
[627] uart2bus_top.uart_sva_inst.assert_a333:precondition1           covered         N             1    0.000 s      
[628] uart2bus_top.uart_sva_inst.assert_a334                         undetermined    Ht       101 -     0.458 s      
[629] uart2bus_top.uart_sva_inst.assert_a334:precondition1           undetermined    Ht       101 -     0.458 s      
[630] uart2bus_top.uart_sva_inst.assert_a335                         undetermined    Ht       101 -     0.458 s      
[631] uart2bus_top.uart_sva_inst.assert_a335:precondition1           undetermined    Ht       101 -     0.459 s      
[632] uart2bus_top.uart_sva_inst.assert_a336                         undetermined    Ht       101 -     0.459 s      
[633] uart2bus_top.uart_sva_inst.assert_a336:precondition1           covered         Hp            1    0.063 s      
[634] uart2bus_top.uart_sva_inst.assert_a337                         undetermined    Ht       101 -     0.459 s      
[635] uart2bus_top.uart_sva_inst.assert_a337:precondition1           undetermined    Ht       101 -     0.448 s      
[636] uart2bus_top.uart_sva_inst.assert_a338                         undetermined    Ht       101 -     0.459 s      
[637] uart2bus_top.uart_sva_inst.assert_a338:precondition1           undetermined    Ht       101 -     0.421 s      
[638] uart2bus_top.uart_sva_inst.assert_a339                         undetermined    Ht       101 -     0.459 s      
[639] uart2bus_top.uart_sva_inst.assert_a339:precondition1           covered         Hp            1    0.090 s      
[640] uart2bus_top.uart_sva_inst.assert_a340                         undetermined    Ht       101 -     0.458 s      
[641] uart2bus_top.uart_sva_inst.assert_a340:precondition1           undetermined    B        101 -     0.097 s      
[642] uart2bus_top.uart_sva_inst.assert_a341                         proven          PRE    Infinite    0.000 s      
[643] uart2bus_top.uart_sva_inst.assert_a341:precondition1           covered         N             1    0.000 s      
[644] uart2bus_top.uart_sva_inst.assert_a342                         proven          PRE    Infinite    0.000 s      
[645] uart2bus_top.uart_sva_inst.assert_a342:precondition1           unreachable     PRE    Infinite    0.000 s      
[646] uart2bus_top.uart_sva_inst.assert_a342:precondition2           unreachable     PRE    Infinite    0.000 s      
[647] uart2bus_top.uart_sva_inst.assert_a344                         undetermined    Ht       101 -     0.459 s      
[648] uart2bus_top.uart_sva_inst.assert_a344:precondition1           undetermined    Ht       101 -     0.459 s      
[649] uart2bus_top.uart_sva_inst.assert_a345                         undetermined    Ht       101 -     0.459 s      
[650] uart2bus_top.uart_sva_inst.assert_a345:precondition1           undetermined    Ht       101 -     0.436 s      
[651] uart2bus_top.uart_sva_inst.assert_a346                         undetermined    Ht       101 -     0.459 s      
[652] uart2bus_top.uart_sva_inst.assert_a346:precondition1           undetermined    Ht       101 -     0.433 s      
[653] uart2bus_top.uart_sva_inst.assert_a347                         undetermined    Ht       101 -     0.459 s      
[654] uart2bus_top.uart_sva_inst.assert_a347:precondition1           undetermined    Ht       101 -     0.459 s      
[655] uart2bus_top.uart_sva_inst.assert_a348                         undetermined    Ht       101 -     0.459 s      
[656] uart2bus_top.uart_sva_inst.assert_a348:precondition1           undetermined    Ht       101 -     0.423 s      
